******************************************************************************
            TI ARM Clang Linker PC v3.2.2                      
******************************************************************************
>> Linked Wed Oct 16 16:37:57 2024

OUTPUT FILE NAME:   <7-1.out>
ENTRY POINT SYMBOL: "resetISR"  address: 2001144d


MEMORY CONFIGURATION

         name            origin    length      used     unused   attr    fill
----------------------  --------  ---------  --------  --------  ----  --------
  SRAM2                 20000000   00004000  0000130c  00002cf4  RW X
  SRAM                  20004000   0003c000  0000f49e  0002cb62  RW X
  LOG_DATA              90000000   00040000  00000000  00040000  R   
  LOG_PTR               94000008   00040000  00000000  00040000  R   


SEGMENT ALLOCATION MAP

run origin  load origin   length   init length attrs members
----------  ----------- ---------- ----------- ----- -------
20003000    20003000    00001000   00000000    rw-
  20003000    20003000    00001000   00000000    rw- .stack
20004000    20004000    00000040   00000040    r--
  20004000    20004000    00000040   00000040    r-- .resetVecs
20004040    20004040    00008000   00000000    rw-
  20004040    20004040    00008000   00000000    rw- .sysmem
2000c040    2000c040    00005b48   00005b48    r-x
  2000c040    2000c040    00005b48   00005b48    r-x .text
20011c00    20011c00    00000a43   00000000    rw-
  20011c00    20011c00    00000a43   00000000    rw- .bss
20012650    20012650    0000074d   0000074d    r--
  20012650    20012650    0000074d   0000074d    r-- .rodata
20012da0    20012da0    0000068e   00000000    rw-
  20012da0    20012da0    0000068e   00000000    rw- .data
20013430    20013430    000000f8   000000f8    r--
  20013430    20013430    000000f8   000000f8    r-- .cinit


SECTION ALLOCATION MAP

 output                                  attributes/
section   page    origin      length       input sections
--------  ----  ----------  ----------   ----------------
.text      0    2000c040    00005b48     
                  2000c040    0000086c     libc.a : _printfi.c.obj (.text:__TI_printfi_nofloat)
                  2000c8ac    000004b8     driverlib.a : prcm.obj (.text.PRCMCC3200MCUInit)
                  2000cd64    000003e4     drivers_cc32xx.a : PowerCC32XX.c.obj (.text.Power_sleep)
                  2000d148    00000222                      : UART2CC32XX.c.obj (.text.UART2CC32XX_hwiIntFxn)
                  2000d36a    00000002     ti_drivers_config.o (.text.Board_initHook)
                  2000d36c    000001cc     drivers_cc32xx.a : UART2CC32XX.c.obj (.text.UART2_open)
                  2000d538    000001b8     7-1.o (.text.mainThread)
                  2000d6f0    00000178     7-1.o (.text.initI2C)
                  2000d868    00000174     drivers_cc32xx.a : UART2.c.obj (.text.UART2_writeTimeoutBlocking)
                  2000d9dc    00000150     nortos_cc32xx.a : PowerCC32XX_nortos.c.obj (.text.PowerCC32XX_sleepPolicy)
                  2000db2c    00000148     drivers_cc32xx.a : TimerCC32XX.c.obj (.text.Timer_open)
                  2000dc74    00000140                      : GPIOCC32XX.c.obj (.text.GPIO_setConfig)
                  2000ddb4    00000138                      : I2CCC32XX.c.obj (.text.I2CCC32XX_hwiFxn)
                  2000deec    00000126                      : I2C.c.obj (.text.I2C_transferTimeout)
                  2000e012    00000002                      : I2C.c.obj (.text.I2C_init)
                  2000e014    00000120     libc.a : memory.c.obj (.text.aligned_alloc)
                  2000e134    0000011a     drivers_cc32xx.a : UART2.c.obj (.text.UART2_writeTimeoutNonblocking)
                  2000e24e    00000112     driverlib.a : udma.obj (.text.uDMAChannelTransferSet)
                  2000e360    000000fc     libclang_rt.builtins.a : muldf3.S.obj (.text.__muldf3)
                  2000e45c    000000f0     libc.a : memory.c.obj (.text.free)
                  2000e54c    000000e8     drivers_cc32xx.a : I2CCC32XX.c.obj (.text.I2C_open)
                  2000e634    000000e8                      : UART2CC32XX.c.obj (.text.UART2_close)
                  2000e71c    000000cc                      : UART2CC32XX.c.obj (.text.UART2Support_dmaStartRx)
                  2000e7e8    000000c8     driverlib.a : interrupt.obj (.text.IntDisable)
                  2000e8b0    000000c8                 : interrupt.obj (.text.IntEnable)
                  2000e978    000000c4     drivers_cc32xx.a : UART2CC32XX.c.obj (.text.UART2CC32XX_initHw)
                  2000ea3c    000000b8                      : UART2CC32XX.c.obj (.text.UART2Support_dmaStartTx)
                  2000eaf4    000000b0     libclang_rt.builtins.a : udivmoddi4.S.obj (.text)
                  2000eba4    000000ac     driverlib.a : gpio.obj (.text.GPIOIntTypeSet)
                  2000ec50    000000a4                 : interrupt.obj (.text.IntPendSet)
                  2000ecf4    000000a2                 : pin.obj (.text.PinConfigSet)
                  2000ed96    0000009c     drivers_cc32xx.a : I2CCC32XX.c.obj (.text.I2CCC32XX_completeTransfer)
                  2000ee32    00000002     nortos_cc32xx.a : PowerCC32XX_nortos.c.obj (.text.PowerCC32XX_initPolicy)
                  2000ee34    0000009c     7-1.o (.text.readTemp)
                  2000eed0    00000098     driverlib.a : i2c.obj (.text.I2CMasterInitExpClk)
                  2000ef68    00000098     nortos_cc32xx.a : SemaphoreP_nortos.c.obj (.text.SemaphoreP_pend)
                  2000f000    00000096     drivers_cc32xx.a : PowerCC32XX_ticlang.asm.obj (.text)
                  2000f096    00000092     driverlib.a : udma.obj (.text.uDMAChannelAttributeDisable)
                  2000f128    00000090     drivers_cc32xx.a : GPIOCC32XX.c.obj (.text.GPIO_init)
                  2000f1b8    0000008e     driverlib.a : prcm.obj (.text.PRCMSysResetCauseGet)
                  2000f246    00000002     nortos_cc32xx.a : SemaphoreP_nortos.c.obj (.text.SemaphoreP_destruct)
                  2000f248    00000088     drivers_cc32xx.a : PowerCC32XX.c.obj (.text.PowerCC32XX_configureWakeup)
                  2000f2d0    0000007a                      : I2CCC32XX.c.obj (.text.I2CCC32XX_primeReadBurst)
                  2000f34a    00000002                      : Timer.c.obj (.text.Timer_init)
                  2000f34c    00000078                      : PowerCC32XX.c.obj (.text.Power_init)
                  2000f3c4    00000074     nortos_cc32xx.a : HwiPCC32XX_nortos.c.obj (.text.HwiP_construct)
                  2000f438    00000074     driverlib.a : prcm.obj (.text.PRCMHibernateWakeUpGPIOSelect)
                  2000f4ac    00000074                 : uart.obj (.text.UARTConfigSetExpClk)
                  2000f520    00000070     libc.a : copy_decompress_lzss.c.obj (.text:decompress:lzss)
                  2000f590    0000006c     driverlib.a : pin.obj (.text.PinLockLevelSet)
                  2000f5fc    0000006c     drivers_cc32xx.a : PowerCC32XX.c.obj (.text.Power_setDependency)
                  2000f668    0000006c                      : UDMACC32XX.c.obj (.text.UDMACC32XX_open)
                  2000f6d4    0000006c     7-1.o (.text.initTimer)
                  2000f740    0000006c     drivers_cc32xx.a : GPIOCC32XX.c.obj (.text.powerNotifyFxn)
                  2000f7ac    0000006c     libc.a : memory.c.obj (.text.split)
                  2000f818    0000006a     driverlib.a : prcm.obj (.text.PRCMPeripheralReset)
                  2000f882    00000002     drivers_cc32xx.a : UART2CC32XX.c.obj (.text.UART2CC32XX_eventCallback)
                  2000f884    00000068                      : I2CCC32XX.c.obj (.text.I2CCC32XX_initHw)
                  2000f8ec    00000068     driverlib.a : interrupt.obj (.text.IntPendClear)
                  2000f954    00000066     drivers_cc32xx.a : I2CCC32XX.c.obj (.text.I2CCC32XX_primeWriteBurst)
                  2000f9ba    00000060                      : UART2CC32XX.c.obj (.text.UART2Support_dmaStopTx)
                  2000fa1a    0000005c     driverlib.a : flash.obj (.text.FlashDisable)
                  2000fa76    0000005c     drivers_cc32xx.a : I2CCC32XX.c.obj (.text.I2CSupport_primeTransfer)
                  2000fad2    0000005c     driverlib.a : prcm.obj (.text.PRCMHibernateWakeupSourceDisable)
                  2000fb2e    00000002     libclang_rt.builtins.a : aeabi_div0.c.obj (.text.__aeabi_ldiv0)
                  2000fb30    0000005c     drivers_cc32xx.a : TimerCC32XX.c.obj (.text.TimerCC32XX_allocateTimerResource)
                  2000fb8c    0000005a     driverlib.a : prcm.obj (.text.PRCMPeripheralClkEnable)
                  2000fbe6    00000002     libc.a : _lock.c.obj (.text._nop)
                  2000fbe8    00000058     nortos_cc32xx.a : ClockPSysTick_nortos.c.obj (.text.ClockP_startup)
                  2000fc40    00000058     driverlib.a : interrupt.obj (.text.IntPrioritySet)
                  2000fc98    00000056                 : prcm.obj (.text.PRCMLPDSEnter)
                  2000fcee    00000002     nortos_cc32xx.a : startup_cc32xx_ticlang.c.obj (.text.busFaultHandler)
                  2000fcf0    00000054     drivers_cc32xx.a : PowerCC32XX.c.obj (.text.PowerCC32XX_setParkState)
                  2000fd44    00000054                      : PowerCC32XX.c.obj (.text.Power_releaseDependency)
                  2000fd98    00000050                      : GPIOCC32XX.c.obj (.text.GPIO_hwiIntFxn)
                  2000fde8    00000050     driverlib.a : prcm.obj (.text.PRCMHibernateWakeupSourceEnable)
                  2000fe38    00000050     nortos_cc32xx.a : SemaphoreP_nortos.c.obj (.text.SemaphoreP_construct)
                  2000fe88    0000004e     driverlib.a : udma.obj (.text.uDMAChannelAssign)
                  2000fed6    00000002     nortos_cc32xx.a : SemaphoreP_nortos.c.obj (.text.clkFxn)
                  2000fed8    0000004c     drivers_cc32xx.a : GPIOCC32XX.c.obj (.text.GPIO_setInterruptConfig)
                  2000ff24    0000004c     driverlib.a : prcm.obj (.text.PRCMLPDSRestoreInfoSet)
                  2000ff70    0000004c     drivers_cc32xx.a : TimerCC32XX.c.obj (.text.initHw)
                  2000ffbc    0000004a                      : UART2CC32XX.c.obj (.text.UART2Support_dmaStopRx)
                  20010006    0000004a                      : TimerCC32XX.c.obj (.text.getPrescaler)
                  20010050    0000004a     driverlib.a : udma.obj (.text.uDMAChannelSizeGet)
                  2001009a    00000002     nortos_cc32xx.a : startup_cc32xx_ticlang.c.obj (.text.defaultHandler)
                  2001009c    00000048                     : ClockPSysTick_nortos.c.obj (.text.ClockP_sysTickHandler)
                  200100e4    00000048     driverlib.a : prcm.obj (.text.PRCMIntEnable)
                  2001012c    00000048                 : prcm.obj (.text.PRCMPeripheralStatusGet)
                  20010174    00000048                 : pin.obj (.text.PinConfigGet)
                  200101bc    00000048     libclang_rt.builtins.a : fixdfsi.S.obj (.text.__fixdfsi)
                  20010204    00000046     drivers_cc32xx.a : I2CCC32XX.c.obj (.text.I2CCC32XX_fillTransmitFifo)
                  2001024a    00000046     driverlib.a : prcm.obj (.text.PRCMLPDSEnterKeepDebugIf)
                  20010290    00000046     drivers_cc32xx.a : RingBuf.c.obj (.text.RingBuf_put)
                  200102d6    00000044     driverlib.a : gpio.obj (.text.GPIODirModeSet)
                  2001031a    00000002     nortos_cc32xx.a : startup_cc32xx_ticlang.c.obj (.text.faultISR)
                  2001031c    00000044     drivers_cc32xx.a : GPIOCC32XX.c.obj (.text.GPIO_disableInt)
                  20010360    00000044                      : GPIOCC32XX.c.obj (.text.GPIO_enableInt)
                  200103a4    00000044                      : PowerCC32XX.c.obj (.text.Power_releaseConstraint)
                  200103e8    00000044                      : Timer.c.obj (.text.Timer_start)
                  2001042c    00000044     nortos_cc32xx.a : ClockPSysTick_nortos.c.obj (.text.addToList)
                  20010470    00000044     libc.a : snprintf.c.obj (.text.snprintf)
                  200104b4    00000042     driverlib.a : pin.obj (.text.PinModeSet)
                  200104f6    00000042                 : timer.obj (.text.TimerControlStall)
                  20010538    00000042     drivers_cc32xx.a : TimerCC32XX.c.obj (.text.Timer_close)
                  2001057a    00000042     nortos_cc32xx.a : PowerCC32XX_nortos.c.obj (.text.getCountsRTC)
                  200105bc    00000040                     : SemaphoreP_nortos.c.obj (.text.SemaphoreP_post)
                  200105fc    00000040     drivers_cc32xx.a : Timer.c.obj (.text.Timer_stop)
                  2001063c    00000040     libc.a : atoi.c.obj (.text.atoi)
                  2001067c    00000040     driverlib.a : udma.obj (.text.uDMAChannelControlSet)
                  200106bc    0000003e                 : pin.obj (.text.PinDirModeSet)
                  200106fa    00000002     nortos_cc32xx.a : startup_cc32xx_ticlang.c.obj (.text.nmiISR)
                  200106fc    0000003c                     : ClockPSysTick_nortos.c.obj (.text.ClockP_stop)
                  20010738    0000003c     drivers_cc32xx.a : UDMACC32XX.c.obj (.text.UDMACC32XX_init)
                  20010774    0000003a                      : TimerCC32XX.c.obj (.text.TimerSupport_timerEnable)
                  200107ae    00000002     --HOLE-- [fill = 0]
                  200107b0    00000038     nortos_cc32xx.a : ClockPSysTick_nortos.c.obj (.text.ClockP_destruct)
                  200107e8    00000038     drivers_cc32xx.a : PowerCC32XX.c.obj (.text.Power_setConstraint)
                  20010820    00000038                      : RingBuf.c.obj (.text.RingBuf_putAdvance)
                  20010858    00000038     nortos_cc32xx.a : SwiP_nortos.c.obj (.text.SwiP_restore)
                  20010890    00000038     drivers_cc32xx.a : UDMACC32XX.c.obj (.text.UDMACC32XX_close)
                  200108c8    00000038     libc.a : autoinit.c.obj (.text:__TI_auto_init_nobinit_nopinit)
                  20010900    00000036     driverlib.a : pin.obj (.text.PinLock)
                  20010936    00000036     drivers_cc32xx.a : TimerCC32XX.c.obj (.text.TimerCC32XX_hwiIntFunction)
                  2001096c    00000036     driverlib.a : uart.obj (.text.UARTCharPutNonBlocking)
                  200109a2    00000002     --HOLE-- [fill = 0]
                  200109a4    00000034     nortos_cc32xx.a : ClockPSysTick_nortos.c.obj (.text.ClockP_start)
                  200109d8    00000034     driverlib.a : i2c.obj (.text.I2CFIFODataPutNonBlocking)
                  20010a0c    00000034                 : pin.obj (.text.PinDirModeGet)
                  20010a40    00000034                 : pin.obj (.text.PinModeGet)
                  20010a74    00000034     drivers_cc32xx.a : PowerCC32XX.c.obj (.text.PowerCC32XX_parkPin)
                  20010aa8    00000034                      : TimerCC32XX.c.obj (.text.TimerCC32XX_freeTimerResource)
                  20010adc    00000034                      : UART2.c.obj (.text.UART2_rxDisable)
                  20010b10    00000034     nortos_cc32xx.a : startup_cc32xx_ticlang.c.obj (.text.initVectors)
                  20010b44    00000030                     : ClockPSysTick_nortos.c.obj (.text.ClockP_getTicksUntilInterrupt)
                  20010b74    00000030     driverlib.a : i2c.obj (.text.I2CFIFODataGetNonBlocking)
                  20010ba4    00000030                 : prcm.obj (.text.PRCMLPDSIntervalSet)
                  20010bd4    00000030                 : prcm.obj (.text.PRCMSlowClkCtrFastGet)
                  20010c04    00000030                 : timer.obj (.text.TimerLoadSet)
                  20010c34    00000030                 : timer.obj (.text.TimerPrescaleSet)
                  20010c64    00000030     libc.a : snprintf.c.obj (.text._outs)
                  20010c94    00000030     drivers_cc32xx.a : PowerCC32XX.c.obj (.text.notify)
                  20010cc4    0000002e     driverlib.a : gpio.obj (.text.GPIOIntStatus)
                  20010cf2    0000002e     drivers_cc32xx.a : RingBuf.c.obj (.text.RingBuf_getConsume)
                  20010d20    0000002e                      : RingBuf.c.obj (.text.RingBuf_putPointer)
                  20010d4e    0000002e     driverlib.a : uart.obj (.text.UARTDisable)
                  20010d7c    0000002e     libclang_rt.builtins.a : floatsidf.S.obj (.text.__floatsidf)
                  20010daa    0000002c     driverlib.a : i2c.obj (.text.I2CMasterIntStatusEx)
                  20010dd6    0000002c     drivers_cc32xx.a : UART2CC32XX.c.obj (.text.UART2CC32XX_getRxData)
                  20010e02    00000002     --HOLE-- [fill = 0]
                  20010e04    0000002c     7-1.o (.text.initUART)
                  20010e30    0000002a     nortos_cc32xx.a : HwiPCC32XX_nortos.c.obj (.text.HwiP_create)
                  20010e5a    0000002a     driverlib.a : prcm.obj (.text.PRCMLPDSWakeUpGPIOSelect)
                  20010e84    0000002a                 : prcm.obj (.text.PRCMPeripheralClkDisable)
                  20010eae    0000002a                 : uart.obj (.text.UARTIntStatus)
                  20010ed8    00000028                 : i2c.obj (.text.I2CMasterBusBusy)
                  20010f00    00000028                 : i2c.obj (.text.I2CMasterSlaveAddrSet)
                  20010f28    00000028                 : i2c.obj (.text.I2CTxFIFOConfigSet)
                  20010f50    00000028     drivers_cc32xx.a : I2C.c.obj (.text.I2C_cancel)
                  20010f78    00000028                      : List.c.obj (.text.List_remove)
                  20010fa0    00000028     driverlib.a : prcm.obj (.text.PRCMSRAMRetentionEnable)
                  20010fc8    00000028     drivers_cc32xx.a : PowerCC32XX.c.obj (.text.PowerCC32XX_getParkState)
                  20010ff0    00000028                      : TimerCC32XX.c.obj (.text.TimerSupport_timerDisable)
                  20011018    00000028     libc.a : memory.c.obj (.text.free_list_insert)
                  20011040    00000024     driverlib.a : i2c.obj (.text.I2CRxFIFOConfigSet)
                  20011064    00000024                 : interrupt.obj (.text.IntUnregister)
                  20011088    00000024     drivers_cc32xx.a : List.c.obj (.text.List_put)
                  200110ac    00000024     driverlib.a : prcm.obj (.text.PRCMLPDSWakeupSourceEnable)
                  200110d0    00000024     drivers_cc32xx.a : PowerCC32XX.c.obj (.text.PowerCC32XX_restoreParkState)
                  200110f4    00000024                      : PowerCC32XX.c.obj (.text.PowerCC32XX_restoreParkedPin)
                  20011118    00000024                      : PowerCC32XX.c.obj (.text.Power_registerNotify)
                  2001113c    00000024                      : UART2CC32XX.c.obj (.text.UART2Support_disableRx)
                  20011160    00000024     libc.a : boot_cortex_m.c.obj (.text:_c_int00_noargs)
                  20011184    00000022     driverlib.a : gpio.obj (.text.GPIOPinWrite)
                  200111a6    00000022                 : pin.obj (.text.PinUnlock)
                  200111c8    00000022     drivers_cc32xx.a : RingBuf.c.obj (.text.RingBuf_getPointer)
                  200111ea    00000022                      : UART2CC32XX.c.obj (.text.UART2Support_sendData)
                  2001120c    00000020     driverlib.a : interrupt.obj (.text.IntRegister)
                  2001122c    00000020                 : pin.obj (.text.PinTypeI2C)
                  2001124c    00000020     drivers_cc32xx.a : PowerCC32XX.c.obj (.text.PowerCC32XX_reset)
                  2001126c    00000020                      : PowerCC32XX.c.obj (.text.Power_unregisterNotify)
                  2001128c    00000020     nortos_cc32xx.a : SemaphoreP_nortos.c.obj (.text.SemaphoreP_constructBinary)
                  200112ac    00000020                     : SemaphoreP_nortos.c.obj (.text.SemaphoreP_createBinary)
                  200112cc    00000020     driverlib.a : timer.obj (.text.TimerDisable)
                  200112ec    0000001e                 : pin.obj (.text.PinTypeUART)
                  2001130a    0000001e     drivers_cc32xx.a : UART2.c.obj (.text.UART2_writeTimeout)
                  20011328    0000001e     driverlib.a : uart.obj (.text.UARTEnable)
                  20011346    0000001e     libc.a : memccpy.c.obj (.text.memccpy)
                  20011364    0000001e     driverlib.a : udma.obj (.text.uDMAChannelDisable)
                  20011382    0000001e                 : udma.obj (.text.uDMAChannelEnable)
                  200113a0    0000001e                 : udma.obj (.text.uDMAChannelIsEnabled)
                  200113be    00000002     --HOLE-- [fill = 0]
                  200113c0    0000001c     drivers_cc32xx.a : GPIO.c.obj (.text.GPIO_setCallback)
                  200113dc    0000001c     nortos_cc32xx.a : HwiPCC32XX_nortos.c.obj (.text.HwiP_dispatch)
                  200113f8    0000001c                     : SwiP_nortos.c.obj (.text.SwiP_disable)
                  20011414    0000001c     libc.a : memory.c.obj (.text.free_list_remove)
                  20011430    0000001c     drivers_cc32xx.a : TimerCC32XX.c.obj (.text.getPowerMgrId)
                  2001144c    0000001c     nortos_cc32xx.a : startup_cc32xx_ticlang.c.obj (.text.resetISR)
                  20011468    0000001a     driverlib.a : gpio.obj (.text.GPIOIntDisable)
                  20011482    0000001a                 : prcm.obj (.text.PRCMHIBRegRead)
                  2001149c    0000001a                 : prcm.obj (.text.PRCMHIBRegWrite)
                  200114b6    0000001a                 : prcm.obj (.text.PRCMLPDSWakeupSourceDisable)
                  200114d0    0000001a                 : pin.obj (.text.PinToPadGet)
                  200114ea    0000001a                 : timer.obj (.text.TimerEnable)
                  20011504    0000001a                 : uart.obj (.text.UARTFlowControlSet)
                  2001151e    00000018                 : gpio.obj (.text.GPIOIntEnable)
                  20011536    00000018     nortos_cc32xx.a : SemaphoreP_nortos.c.obj (.text.SemaphoreP_create)
                  2001154e    00000018     libc.a : snprintf.c.obj (.text._outc)
                  20011566    00000016     ti_drivers_config.o (.text.Board_init)
                  2001157c    00000016     driverlib.a : i2c.obj (.text.I2CMasterBurstLengthSet)
                  20011592    00000016                 : i2c.obj (.text.I2CMasterIntDisableEx)
                  200115a8    00000016                 : i2c.obj (.text.I2CRxFIFOFlush)
                  200115be    00000016                 : i2c.obj (.text.I2CTxFIFOFlush)
                  200115d4    00000016                 : systick.obj (.text.SysTickPeriodSet)
                  200115ea    00000016                 : timer.obj (.text.TimerIntDisable)
                  20011600    00000016                 : uart.obj (.text.UARTCharsAvail)
                  20011616    00000016                 : uart.obj (.text.UARTDMADisable)
                  2001162c    00000016                 : uart.obj (.text.UARTFIFOLevelSet)
                  20011642    00000016                 : uart.obj (.text.UARTIntDisable)
                  20011658    00000014                 : cpu.obj (.text.CPUcpsid)
                  2001166c    00000014                 : cpu.obj (.text.CPUcpsie)
                  20011680    00000014     nortos_cc32xx.a : HwiPCC32XX_nortos.c.obj (.text.HwiP_destruct)
                  20011694    00000014     driverlib.a : i2c.obj (.text.I2CMasterIntEnableEx)
                  200116a8    00000014                 : interrupt.obj (.text.IntVTableBaseSet)
                  200116bc    00000014     drivers_cc32xx.a : PowerCC32XX.c.obj (.text.Power_disablePolicy)
                  200116d0    00000014                      : PowerCC32XX.c.obj (.text.Power_getTransitionLatency)
                  200116e4    00000014                      : PowerCC32XX.c.obj (.text.Power_idleFunc)
                  200116f8    00000014     driverlib.a : timer.obj (.text.TimerIntEnable)
                  2001170c    00000014                 : uart.obj (.text.UARTDMAEnable)
                  20011720    00000014                 : uart.obj (.text.UARTIntEnable)
                  20011734    00000014     libclang_rt.builtins.a : aeabi_uldivmod.S.obj (.text.__aeabi_uldivmod)
                  20011748    00000014     driverlib.a : udma.obj (.text.uDMAControlBaseSet)
                  2001175c    00000014                 : udma.obj (.text.uDMAIntClear)
                  20011770    00000012     nortos_cc32xx.a : ClockPSysTick_nortos.c.obj (.text.ClockP_add)
                  20011782    00000012     driverlib.a : gpio.obj (.text.GPIOIntClear)
                  20011794    00000012     nortos_cc32xx.a : HwiPCC32XX_nortos.c.obj (.text.HwiP_Params_init)
                  200117a6    00000012                     : HwiPCC32XX_nortos.c.obj (.text.HwiP_delete)
                  200117b8    00000012     driverlib.a : i2c.obj (.text.I2CMasterDisable)
                  200117ca    00000012                 : i2c.obj (.text.I2CMasterEnable)
                  200117dc    00000012     drivers_cc32xx.a : I2C.c.obj (.text.I2C_transfer)
                  200117ee    00000012     driverlib.a : systick.obj (.text.SysTickEnable)
                  20011800    00000012                 : systick.obj (.text.SysTickIntDisable)
                  20011812    00000012                 : systick.obj (.text.SysTickIntEnable)
                  20011824    00000012     drivers_cc32xx.a : UDMACC32XX.c.obj (.text.postNotifyFxn)
                  20011836    00000012     libc.a : memcpy_t2.S.obj (.text:TI_memcpy_small)
                  20011848    00000010     nortos_cc32xx.a : ClockPSysTick_nortos.c.obj (.text.ClockP_getCpuFreq)
                  20011858    00000010                     : ClockPSysTick_nortos.c.obj (.text.ClockP_getSystemTicks)
                  20011868    00000010                     : ClockPSysTick_nortos.c.obj (.text.ClockP_setTicks)
                  20011878    00000010                     : HwiPCC32XX_nortos.c.obj (.text.HwiP_inISR)
                  20011888    00000010     driverlib.a : i2c.obj (.text.I2CMasterControl)
                  20011898    00000010                 : i2c.obj (.text.I2CMasterIntClearEx)
                  200118a8    00000010                 : i2c.obj (.text.I2CMasterTimeoutSet)
                  200118b8    00000010     drivers_cc32xx.a : PowerCC32XX.c.obj (.text.Power_enablePolicy)
                  200118c8    00000010                      : RingBuf.c.obj (.text.RingBuf_construct)
                  200118d8    00000010     driverlib.a : timer.obj (.text.TimerIntClear)
                  200118e8    00000010     drivers_cc32xx.a : Timer.c.obj (.text.Timer_Params_init)
                  200118f8    00000010                      : UART2CC32XX.c.obj (.text.UART2Support_txDone)
                  20011908    00000010     driverlib.a : uart.obj (.text.UARTBusy)
                  20011918    00000010                 : uart.obj (.text.UARTIntClear)
                  20011928    00000010                 : uart.obj (.text.UARTRxErrorGet)
                  20011938    00000010     main_nortos.o (.text.main)
                  20011948    00000010     libc.a : wcslen.c.obj (.text.wcslen)
                  20011958    00000010            : copy_zero_init.c.obj (.text:decompress:ZI)
                  20011968    0000000e     nortos_cc32xx.a : HwiPCC32XX_nortos.c.obj (.text.HwiP_interruptsEnabled)
                  20011976    0000000e     driverlib.a : i2c.obj (.text.I2CFIFOStatus)
                  20011984    0000000e     drivers_cc32xx.a : UART2.c.obj (.text.UART2_write)
                  20011992    0000000e     libc.a : _printfi.c.obj (.text.strlen)
                  200119a0    0000000e     driverlib.a : udma.obj (.text.uDMAEnable)
                  200119ae    0000000e                 : udma.obj (.text.uDMAErrorStatusClear)
                  200119bc    0000000e     libc.a : memset_t2.S.obj (.text:TI_memset_small)
                  200119ca    0000000e            : copy_decompress_none.c.obj (.text:decompress:none)
                  200119d8    0000000c     driverlib.a : cpu.obj (.text.CPUwfi)
                  200119e4    0000000c     drivers_cc32xx.a : I2CCC32XX.c.obj (.text.I2CCC32XX_postNotify)
                  200119f0    0000000c                      : I2C.c.obj (.text.I2C_Params_init)
                  200119fc    0000000c     7-1.o (.text.OUTLINED_FUNCTION_0)
                  20011a08    0000000c     drivers_cc32xx.a : I2CCC32XX.c.obj (.text.OUTLINED_FUNCTION_0)
                  20011a14    0000000c                      : UART2CC32XX.c.obj (.text.OUTLINED_FUNCTION_0)
                  20011a20    0000000c     driverlib.a : prcm.obj (.text.PRCMLPDSWakeupCauseGet)
                  20011a2c    0000000c     drivers_cc32xx.a : PowerCC32XX.c.obj (.text.Power_getConstraintMask)
                  20011a38    0000000c                      : UART2CC32XX.c.obj (.text.UART2CC32XX_postNotifyFxn)
                  20011a44    0000000c                      : UART2CC32XX.c.obj (.text.UART2Support_disableTx)
                  20011a50    0000000c                      : UART2CC32XX.c.obj (.text.UART2Support_enableTx)
                  20011a5c    0000000c                      : UART2.c.obj (.text.UART2_Params_init)
                  20011a68    0000000c     7-1.o (.text.gpioButtonFxn0)
                  20011a74    0000000c     7-1.o (.text.gpioButtonFxn1)
                  20011a80    0000000c     drivers_cc32xx.a : TimerCC32XX.c.obj (.text.postNotifyFxn)
                  20011a8c    0000000c     7-1.o (.text.timerCallback)
                  20011a98    0000000c     driverlib.a : udma.obj (.text.uDMAErrorStatusGet)
                  20011aa4    0000000a                 : cpu.obj (.text.CPUprimask)
                  20011aae    0000000a     nortos_cc32xx.a : ClockPSysTick_nortos.c.obj (.text.ClockP_isActive)
                  20011ab8    0000000a     driverlib.a : interrupt.obj (.text.IntMasterDisable)
                  20011ac2    0000000a                 : interrupt.obj (.text.IntMasterEnable)
                  20011acc    0000000a     drivers_cc32xx.a : UART2CC32XX.c.obj (.text.OUTLINED_FUNCTION_1)
                  20011ad6    0000000a                      : UART2CC32XX.c.obj (.text.OUTLINED_FUNCTION_2)
                  20011ae0    0000000a     libclang_rt.builtins.a : aeabi_memset.S.obj (.text.__aeabi_memset)
                  20011aea    0000000a     ti_drivers_config.o (.text.dmaErrorFxn)
                  20011af4    00000008     nortos_cc32xx.a : HwiPCC32XX_nortos.c.obj (.text.HwiP_disable)
                  20011afc    00000008                     : HwiPCC32XX_nortos.c.obj (.text.HwiP_restore)
                  20011b04    00000008     drivers_cc32xx.a : I2CCC32XX.c.obj (.text.I2CCC32XX_blockingCallback)
                  20011b0c    00000008                      : I2CCC32XX.c.obj (.text.I2CSupport_controllerFinish)
                  20011b14    00000008     driverlib.a : prcm.obj (.text.PRCMSleepEnter)
                  20011b1c    00000008                 : utils.obj (.text.UtilsDelay)
                  20011b24    00000008     libc.a : aeabi_portable.c.obj (.text.__aeabi_errno_addr)
                  20011b2c    00000008     libclang_rt.builtins.a : aeabi_memset.S.obj (.text.__aeabi_memclr)
                  20011b34    00000008     libc.a : memory.c.obj (.text.malloc)
                  20011b3c    00000006     drivers_cc32xx.a : I2CCC32XX.c.obj (.text.I2CSupport_powerRelConstraint)
                  20011b42    00000006                      : I2CCC32XX.c.obj (.text.I2CSupport_powerSetConstraint)
                  20011b48    00000006                      : UART2CC32XX.c.obj (.text.UART2Support_powerRelConstraint)
                  20011b4e    00000004     nortos_cc32xx.a : ClockPSysTick_nortos.c.obj (.text.ClockP_doTick)
                  20011b52    00000004                     : HwiPCC32XX_nortos.c.obj (.text.HwiP_clearInterrupt)
                  20011b56    00000004                     : HwiPCC32XX_nortos.c.obj (.text.HwiP_disableInterrupt)
                  20011b5a    00000004                     : HwiPCC32XX_nortos.c.obj (.text.HwiP_enable)
                  20011b5e    00000004                     : HwiPCC32XX_nortos.c.obj (.text.HwiP_enableInterrupt)
                  20011b62    00000004                     : HwiPCC32XX_nortos.c.obj (.text.HwiP_post)
                  20011b66    00000004     driverlib.a : interrupt.obj (.text.IntDefaultHandler)
                  20011b6a    00000004     nortos_cc32xx.a : NoRTOS.c.obj (.text.NoRTOS_start)
                  20011b6e    00000004     drivers_cc32xx.a : RingBuf.c.obj (.text.RingBuf_getCount)
                  20011b72    00000004     nortos_cc32xx.a : SemaphoreP_nortos.c.obj (.text.SemaphoreP_delete)
                  20011b76    00000004     7-1.o (.text.TckFct)
                  20011b7a    00000002     --HOLE-- [fill = 0]
                  20011b7c    00000004     libclang_rt.builtins.a : aeabi_memcpy.S.obj (.text.__aeabi_memcpy)
                  20011b80    00000004     libc.a : pre_init.c.obj (.text._system_pre_init)
                  20011b84    00000004            : exit.c.obj (.text:abort)

.ramVecs   0    20000000    0000030c     NOLOAD SECTION
                  20000000    0000030c     nortos_cc32xx.a : startup_cc32xx_ticlang.c.obj (.ramVecs)

.stack     0    20003000    00001000     UNINITIALIZED
                  20003000    00000004     libc.a : boot_cortex_m.c.obj (.stack)
                  20003004    00000ffc     --HOLE--

.resetVecs 
*          0    20004000    00000040     
                  20004000    00000040     nortos_cc32xx.a : startup_cc32xx_ticlang.c.obj (.resetVecs)

.sysmem    0    20004040    00008000     UNINITIALIZED
                  20004040    00000010     libc.a : memory.c.obj (.sysmem)
                  20004050    00007ff0     --HOLE--

.bss       0    20011c00    00000a43     UNINITIALIZED
                  20011c00    00000400     ti_drivers_config.o (.bss.dmaControlTable)
                  20012000    00000178     (.common:uart2CC32XXObjects0)
                  20012178    0000012c     (.common:PowerCC32XX_contextSave)
                  200122a4    000000fc     (.common:i2cCC32XXObjects)
                  200123a0    00000084     (.common:gpioCallbackFunctions)
                  20012424    00000084     (.common:gpioUserArgs)
                  200124a8    00000084     (.common:timerCC32XXObjects)
                  2001252c    00000040     (.common:output)
                  2001256c    00000030     (.common:tasks)
                  2001259c    00000020     ti_drivers_config.o (.bss.uart2RxRingBuffer0)
                  200125bc    00000020     ti_drivers_config.o (.bss.uart2TxRingBuffer0)
                  200125dc    00000020     (.common:i2cTransaction)
                  200125fc    00000014     drivers_cc32xx.a : UDMACC32XX.c.obj (.bss.postNotifyObj)
                  20012610    00000010     (.common:ClockP_ctrl)
                  20012620    00000008     (.common:udmaCC3220SObject)
                  20012628    00000004     nortos_cc32xx.a : ClockPSysTick_nortos.c.obj (.bss.sysTickPeriod)
                  2001262c    00000004     libc.a : memory.c.obj (.bss.sys_free)
                  20012630    00000004     drivers_cc32xx.a : TimerCC32XX.c.obj (.bss.timerState.0)
                  20012634    00000004     (.common:i2c)
                  20012638    00000004     (.common:timer0)
                  2001263c    00000004     (.common:uart)
                  20012640    00000002     (.common:rxBuffer)
                  20012642    00000001     (.common:txBuffer)

.rodata    0    20012650    0000074d     
                  20012650    00000101     libc.a : aeabi_ctype.S.obj (.rodata:__aeabi_ctype_table_)
                  20012751    00000002     drivers_cc32xx.a : UART2CC32XX.c.obj (.rodata.stopBits)
                  20012753    00000001     ti_drivers_config.o (.rodata.GPIO_pinUpperBound)
                  20012754    00000100     driverlib.a : pin.obj (.rodata.g_ulPinToPadMap)
                  20012854    000000d4                 : interrupt.obj (.rodata.g_pulRegs)
                  20012928    000000a8                 : prcm.obj (.rodata.PRCM_PeriphRegsList)
                  200129d0    00000048     7-1.o (.rodata.str1.94806330299734988621)
                  20012a18    00000044     ti_drivers_config.o (.rodata.PowerCC32XX_config)
                  20012a5c    00000038     7-1.o (.rodata.str1.142534033182772458174)
                  20012a94    00000038     ti_drivers_config.o (.rodata.uart2CC32XXHWAttrs0)
                  20012acc    00000032     7-1.o (.rodata.str1.29366921461566062724)
                  20012afe    00000001     ti_drivers_config.o (.rodata.I2C_count)
                  20012aff    00000001     ti_drivers_config.o (.rodata.Timer_count)
                  20012b00    00000028     drivers_cc32xx.a : GPIOCC32XX.c.obj (.rodata.portConfigs)
                  20012b28    00000028     7-1.o (.rodata.str1.68148702006441986671)
                  20012b50    00000024     drivers_cc32xx.a : UART2.c.obj (.rodata.UART2_defaultParams)
                  20012b74    00000021                      : GPIOCC32XX.c.obj (.rodata.pinTable)
                  20012b95    00000021     7-1.o (.rodata.str1.12795878018806238641)
                  20012bb6    00000001     ti_drivers_config.o (.rodata.UART2_count)
                  20012bb7    00000001     --HOLE-- [fill = 0]
                  20012bb8    0000001f     7-1.o (.rodata.str1.140009807450523465564)
                  20012bd7    00000001     --HOLE-- [fill = 0]
                  20012bd8    0000001b     7-1.o (.rodata.str1.129967833393492561894)
                  20012bf3    00000001     --HOLE-- [fill = 0]
                  20012bf4    0000001a     7-1.o (.rodata.str1.4101862354713095104)
                  20012c0e    00000002     --HOLE-- [fill = 0]
                  20012c10    00000018     driverlib.a : interrupt.obj (.rodata.g_pulDisRegs)
                  20012c28    00000018                 : interrupt.obj (.rodata.g_pulEnRegs)
                  20012c40    00000018                 : interrupt.obj (.rodata.g_pulPendRegs)
                  20012c58    00000018                 : interrupt.obj (.rodata.g_pulUnpendRegs)
                  20012c70    00000018     7-1.o (.rodata.sensors)
                  20012c88    00000016     7-1.o (.rodata.str1.153012326099309547411)
                  20012c9e    00000002     --HOLE-- [fill = 0]
                  20012ca0    00000014     ti_drivers_config.o (.rodata.i2cCC32XXHWAttrs)
                  20012cb4    00000013     7-1.o (.rodata.str1.117246301257712198564)
                  20012cc7    00000011     libc.a : _printfi.c.obj (.rodata.str1.11645776875810915891)
                  20012cd8    00000011            : _printfi.c.obj (.rodata.str1.44690500295887128011)
                  20012ce9    00000003     --HOLE-- [fill = 0]
                  20012cec    00000010     ti_drivers_config.o (.rodata.GPIO_config)
                  20012cfc    00000010     drivers_cc32xx.a : I2CCC32XX.c.obj (.rodata.cst16)
                  20012d0c    00000010     ti_drivers_config.o (.rodata.timerCC32XXHWAttrs)
                  20012d1c    0000000d     7-1.o (.rodata.str1.25563094003773923861)
                  20012d29    00000003     --HOLE-- [fill = 0]
                  20012d2c    0000000c     drivers_cc32xx.a : Timer.c.obj (.rodata.defaultParams)
                  20012d38    0000000c                      : TimerCC32XX.c.obj (.rodata.defaultParams)
                  20012d44    0000000c     ti_drivers_config.o (.rodata.udmaCC3220SHWAttrs)
                  20012d50    00000009     7-1.o (.rodata.str1.6275577044383968404)
                  20012d59    00000003     --HOLE-- [fill = 0]
                  20012d5c    00000009     7-1.o (.rodata.str1.87324428106397285094)
                  20012d65    00000003     --HOLE-- [fill = 0]
                  20012d68    00000008     ti_drivers_config.o (.rodata.I2C_config)
                  20012d70    00000008     ti_drivers_config.o (.rodata.Timer_config)
                  20012d78    00000008     ti_drivers_config.o (.rodata.UART2_config)
                  20012d80    00000008     ti_drivers_config.o (.rodata.UDMACC32XX_config)
                  20012d88    00000005     drivers_cc32xx.a : UART2CC32XX.c.obj (.rodata.parityType)
                  20012d8d    00000004                      : UART2CC32XX.c.obj (.rodata.cst4)
                  20012d91    00000004     7-1.o (.rodata.str1.135288206596293483891)
                  20012d95    00000004     7-1.o (.rodata.str1.142954092217478764991)
                  20012d99    00000004     7-1.o (.rodata.str1.46309497459113118191)

.cinit     0    20013430    000000f8     
                  20013430    000000d1     (.cinit..data.load) [load image, compression = lzss]
                  20013501    00000003     --HOLE-- [fill = 0]
                  20013504    0000000c     (__TI_handler_table)
                  20013510    00000008     (.cinit..bss.load) [load image, compression = zero_init]
                  20013518    00000010     (__TI_cinit_table)

.init_array 
*          0    20004000    00000000     UNINITIALIZED

.data      0    20012da0    0000068e     UNINITIALIZED
                  20012da0    0000030c     nortos_cc32xx.a : HwiPCC32XX_nortos.c.obj (.data.HwiP_dispatchTable)
                  200130ac    0000016c     drivers_cc32xx.a : PowerCC32XX.c.obj (.data.PowerCC32XX_module)
                  20013218    000000f8     ti_drivers_config.o (.data.parkInfo)
                  20013310    00000084     ti_drivers_config.o (.data.gpioPinConfigs)
                  20013394    0000004c     nortos_cc32xx.a : SwiP_nortos.c.obj (.data..L_MergedGlobals)
                  200133e0    00000018     drivers_cc32xx.a : GPIOCC32XX.c.obj (.data..L_MergedGlobals)
                  200133f8    00000010     nortos_cc32xx.a : SemaphoreP_nortos.c.obj (.data..L_MergedGlobals)
                  20013408    00000008     drivers_cc32xx.a : UDMACC32XX.c.obj (.data..L_MergedGlobals)
                  20013410    00000008     nortos_cc32xx.a : ClockPSysTick_nortos.c.obj (.data..L_MergedGlobals)
                  20013418    00000004                     : HwiPCC32XX_nortos.c.obj (.data.HwiP_swiPIntNum)
                  2001341c    00000004     libc.a : aeabi_portable.c.obj (.data.__aeabi_errno)
                  20013420    00000004            : _lock.c.obj (.data._lock)
                  20013424    00000004            : _lock.c.obj (.data._unlock)
                  20013428    00000003     7-1.o (.data..L_MergedGlobals)
                  2001342b    00000001     drivers_cc32xx.a : GPIOCC32XX.c.obj (.data.initCalled)
                  2001342c    00000001     libc.a : memory.c.obj (.data.memory_is_initialized)
                  2001342d    00000001     drivers_cc32xx.a : GPIOCC32XX.c.obj (.data.portHwiCreatedBitMask)

.log_data 
*          0    90000000    00000000     COPY SECTION

.log_ptr   0    94000008    00000000     COPY SECTION

__llvm_prf_cnts 
*          0    20004000    00000000     UNINITIALIZED

__llvm_prf_bits 
*          0    20004000    00000000     UNINITIALIZED

MODULE SUMMARY

       Module                         code    ro data   rw data
       ------                         ----    -------   -------
    .\
       7-1.o                          1176    443       162    
       main_nortos.o                  16      0         0      
    +--+------------------------------+-------+---------+---------+
       Total:                         1192    443       162    
                                                               
    .\syscfg\
       ti_drivers_config.o            34      224       2500   
    +--+------------------------------+-------+---------+---------+
       Total:                         34      224       2500   
                                                               
    C:/ti/simplelink_cc32xx_sdk_7_10_00_13/kernel/nortos/lib/ticlang/m4/nortos_cc32xx.a
       HwiPCC32XX_nortos.c.obj        308     0         784    
       startup_cc32xx_ticlang.c.obj   88      64        780    
       ClockPSysTick_nortos.c.obj     524     0         28     
       SemaphoreP_nortos.c.obj        392     0         16     
       PowerCC32XX_nortos.c.obj       404     0         0      
       SwiP_nortos.c.obj              84      0         76     
       NoRTOS.c.obj                   4       0         0      
    +--+------------------------------+-------+---------+---------+
       Total:                         1804    64        1684   
                                                               
    C:/ti/simplelink_cc32xx_sdk_7_10_00_13/source/ti/devices/cc32xx/driverlib/ticlang/Release/driverlib.a
       prcm.obj                       2564    168       0      
       interrupt.obj                  868     308       0      
       pin.obj                        750     256       0      
       udma.obj                       806     0         0      
       i2c.obj                        658     0         0      
       uart.obj                       490     0         0      
       gpio.obj                       388     0         0      
       timer.obj                      278     0         0      
       flash.obj                      92      0         0      
       systick.obj                    76      0         0      
       cpu.obj                        62      0         0      
       utils.obj                      8       0         0      
    +--+------------------------------+-------+---------+---------+
       Total:                         7040    732       0      
                                                               
    C:/ti/simplelink_cc32xx_sdk_7_10_00_13/source/ti/drivers/lib/ticlang/m4/drivers_cc32xx.a
       PowerCC32XX.c.obj              2052    0         664    
       UART2CC32XX.c.obj              2198    11        0      
       I2CCC32XX.c.obj                1242    16        0      
       GPIOCC32XX.c.obj               864     73        26     
       TimerCC32XX.c.obj              880     12        4      
       UART2.c.obj                    762     36        0      
       I2C.c.obj                      366     0         0      
       RingBuf.c.obj                  272     0         0      
       UDMACC32XX.c.obj               242     0         28     
       Timer.c.obj                    150     12        0      
       PowerCC32XX_ticlang.asm.obj    150     0         0      
       List.c.obj                     76      0         0      
       GPIO.c.obj                     28      0         0      
    +--+------------------------------+-------+---------+---------+
       Total:                         9282    160       722    
                                                               
    C:\ti\ccs1280\ccs\tools\compiler\ti-cgt-armllvm_3.2.2.LTS\lib\armv7em-ti-none-eabi/c/libc.a
       _printfi.c.obj                 2170    34        0      
       memory.c.obj                   712     0         5      
       aeabi_ctype.S.obj              0       257       0      
       snprintf.c.obj                 140     0         0      
       copy_decompress_lzss.c.obj     112     0         0      
       atoi.c.obj                     64      0         0      
       autoinit.c.obj                 56      0         0      
       boot_cortex_m.c.obj            36      0         0      
       memccpy.c.obj                  30      0         0      
       memcpy_t2.S.obj                18      0         0      
       copy_zero_init.c.obj           16      0         0      
       wcslen.c.obj                   16      0         0      
       copy_decompress_none.c.obj     14      0         0      
       memset_t2.S.obj                14      0         0      
       aeabi_portable.c.obj           8       0         4      
       _lock.c.obj                    2       0         8      
       exit.c.obj                     4       0         0      
       pre_init.c.obj                 4       0         0      
    +--+------------------------------+-------+---------+---------+
       Total:                         3416    291       17     
                                                               
    C:\ti\ccs1280\ccs\tools\compiler\ti-cgt-armllvm_3.2.2.LTS\lib\clang/15.0.7/lib/armv7em-ti-none-eabi/libclang_rt.builtins.a
       muldf3.S.obj                   252     0         0      
       udivmoddi4.S.obj               176     0         0      
       fixdfsi.S.obj                  72      0         0      
       floatsidf.S.obj                46      0         0      
       aeabi_uldivmod.S.obj           20      0         0      
       aeabi_memset.S.obj             18      0         0      
       aeabi_memcpy.S.obj             4       0         0      
       aeabi_div0.c.obj               2       0         0      
    +--+------------------------------+-------+---------+---------+
       Total:                         590     0         0      
                                                               
       Heap:                          0       0         32768  
       Stack:                         0       0         4096   
       Linker Generated:              0       245       0      
    +--+------------------------------+-------+---------+---------+
       Grand Total:                   23358   2159      41949  


LINKER GENERATED COPY TABLES

__TI_cinit_table @ 20013518 records: 2, size/record: 8, table size: 16
	.data: load addr=20013430, load size=000000d1 bytes, run addr=20012da0, run size=0000068e bytes, compression=lzss
	.bss: load addr=20013510, load size=00000008 bytes, run addr=20011c00, run size=00000a43 bytes, compression=zero_init


LINKER GENERATED HANDLER TABLE

__TI_handler_table @ 20013504 records: 3, size/record: 4, table size: 12
	index: 0, handler: __TI_decompress_lzss
	index: 1, handler: __TI_decompress_none
	index: 2, handler: __TI_zero_init


GLOBAL SYMBOLS: SORTED ALPHABETICALLY BY Name 

address   name                             
-------   ----                             
20011567  Board_init                       
2000d36b  Board_initHook                   
20013429  Button0Flag                      
2001342a  Button1Flag                      
20011b84  C$$EXIT                          
20011659  CPUcpsid                         
2001166d  CPUcpsie                         
20011aa5  CPUprimask                       
200119d9  CPUwfi                           
20011771  ClockP_add                       
20012610  ClockP_ctrl                      
200107b1  ClockP_destruct                  
20011b4f  ClockP_doTick                    
20011849  ClockP_getCpuFreq                
20011859  ClockP_getSystemTicks            
20010b45  ClockP_getTicksUntilInterrupt    
20011aaf  ClockP_isActive                  
20011869  ClockP_setTicks                  
200109a5  ClockP_start                     
2000fbe9  ClockP_startup                   
200106fd  ClockP_stop                      
2001009d  ClockP_sysTickHandler            
20013414  ClockP_tickPeriod                
2000fa1b  FlashDisable                     
200102d7  GPIODirModeSet                   
20011783  GPIOIntClear                     
20011469  GPIOIntDisable                   
2001151f  GPIOIntEnable                    
20010cc5  GPIOIntStatus                    
2000eba5  GPIOIntTypeSet                   
20011185  GPIOPinWrite                     
20012cec  GPIO_config                      
2001031d  GPIO_disableInt                  
20010361  GPIO_enableInt                   
2000fd99  GPIO_hwiIntFxn                   
2000f129  GPIO_init                        
20012753  GPIO_pinUpperBound               
200113c1  GPIO_setCallback                 
2000dc75  GPIO_setConfig                   
2000fed9  GPIO_setInterruptConfig          
20011795  HwiP_Params_init                 
20011b53  HwiP_clearInterrupt              
2000f3c5  HwiP_construct                   
20010e31  HwiP_create                      
200117a7  HwiP_delete                      
20011681  HwiP_destruct                    
20011af5  HwiP_disable                     
20011b57  HwiP_disableInterrupt            
200113dd  HwiP_dispatch                    
20011b5b  HwiP_enable                      
20011b5f  HwiP_enableInterrupt             
20011879  HwiP_inISR                       
20011969  HwiP_interruptsEnabled           
20011b63  HwiP_post                        
20011afd  HwiP_restore                     
20013418  HwiP_swiPIntNum                  
20010b75  I2CFIFODataGetNonBlocking        
200109d9  I2CFIFODataPutNonBlocking        
20011977  I2CFIFOStatus                    
2001157d  I2CMasterBurstLengthSet          
20010ed9  I2CMasterBusBusy                 
20011889  I2CMasterControl                 
200117b9  I2CMasterDisable                 
200117cb  I2CMasterEnable                  
2000eed1  I2CMasterInitExpClk              
20011899  I2CMasterIntClearEx              
20011593  I2CMasterIntDisableEx            
20011695  I2CMasterIntEnableEx             
20010dab  I2CMasterIntStatusEx             
20010f01  I2CMasterSlaveAddrSet            
200118a9  I2CMasterTimeoutSet              
20011041  I2CRxFIFOConfigSet               
200115a9  I2CRxFIFOFlush                   
20011b0d  I2CSupport_controllerFinish      
20011b3d  I2CSupport_powerRelConstraint    
20011b43  I2CSupport_powerSetConstraint    
2000fa77  I2CSupport_primeTransfer         
20010f29  I2CTxFIFOConfigSet               
200115bf  I2CTxFIFOFlush                   
200119f1  I2C_Params_init                  
20010f51  I2C_cancel                       
20012d68  I2C_config                       
20012afe  I2C_count                        
2000e013  I2C_init                         
2000e54d  I2C_open                         
200117dd  I2C_transfer                     
2000deed  I2C_transferTimeout              
UNDEFED   ITM_flush                        
UNDEFED   ITM_restore                      
2000e7e9  IntDisable                       
2000e8b1  IntEnable                        
20011ab9  IntMasterDisable                 
20011ac3  IntMasterEnable                  
2000f8ed  IntPendClear                     
2000ec51  IntPendSet                       
2000fc41  IntPrioritySet                   
2001120d  IntRegister                      
20011065  IntUnregister                    
200116a9  IntVTableBaseSet                 
20011089  List_put                         
20010f79  List_remove                      
20011b6b  NoRTOS_start                     
2000c8ad  PRCMCC3200MCUInit                
20011483  PRCMHIBRegRead                   
2001149d  PRCMHIBRegWrite                  
2000f439  PRCMHibernateWakeUpGPIOSelect    
2000fad3  PRCMHibernateWakeupSourceDisable 
2000fde9  PRCMHibernateWakeupSourceEnable  
200100e5  PRCMIntEnable                    
2000fc99  PRCMLPDSEnter                    
2001024b  PRCMLPDSEnterKeepDebugIf         
20010ba5  PRCMLPDSIntervalSet              
2000ff25  PRCMLPDSRestoreInfoSet           
20010e5b  PRCMLPDSWakeUpGPIOSelect         
20011a21  PRCMLPDSWakeupCauseGet           
200114b7  PRCMLPDSWakeupSourceDisable      
200110ad  PRCMLPDSWakeupSourceEnable       
20010e85  PRCMPeripheralClkDisable         
2000fb8d  PRCMPeripheralClkEnable          
2000f819  PRCMPeripheralReset              
2001012d  PRCMPeripheralStatusGet          
20010fa1  PRCMSRAMRetentionEnable          
20011b15  PRCMSleepEnter                   
20010bd5  PRCMSlowClkCtrFastGet            
2000f1b9  PRCMSysResetCauseGet             
20010175  PinConfigGet                     
2000ecf5  PinConfigSet                     
20010a0d  PinDirModeGet                    
200106bd  PinDirModeSet                    
20010901  PinLock                          
2000f591  PinLockLevelSet                  
20010a41  PinModeGet                       
200104b5  PinModeSet                       
200114d1  PinToPadGet                      
2001122d  PinTypeI2C                       
200112ed  PinTypeUART                      
200111a7  PinUnlock                        
20012a18  PowerCC32XX_config               
2000f249  PowerCC32XX_configureWakeup      
20012178  PowerCC32XX_contextSave          
2000f001  PowerCC32XX_enterLPDS            
20010fc9  PowerCC32XX_getParkState         
2000ee33  PowerCC32XX_initPolicy           
200130ac  PowerCC32XX_module               
20010a75  PowerCC32XX_parkPin              
2001124d  PowerCC32XX_reset                
200110d1  PowerCC32XX_restoreParkState     
200110f5  PowerCC32XX_restoreParkedPin     
2000f045  PowerCC32XX_resumeLPDS           
2000fcf1  PowerCC32XX_setParkState         
2000d9dd  PowerCC32XX_sleepPolicy          
200116bd  Power_disablePolicy              
200118b9  Power_enablePolicy               
20011a2d  Power_getConstraintMask          
200116d1  Power_getTransitionLatency       
200116e5  Power_idleFunc                   
2000f34d  Power_init                       
20011119  Power_registerNotify             
200103a5  Power_releaseConstraint          
2000fd45  Power_releaseDependency          
200107e9  Power_setConstraint              
2000f5fd  Power_setDependency              
2000cd65  Power_sleep                      
2001126d  Power_unregisterNotify           
200118c9  RingBuf_construct                
20010cf3  RingBuf_getConsume               
20011b6f  RingBuf_getCount                 
200111c9  RingBuf_getPointer               
20010291  RingBuf_put                      
20010821  RingBuf_putAdvance               
20010d21  RingBuf_putPointer               
2000fe39  SemaphoreP_construct             
2001128d  SemaphoreP_constructBinary       
20011537  SemaphoreP_create                
200112ad  SemaphoreP_createBinary          
20013400  SemaphoreP_defaultParams         
20011b73  SemaphoreP_delete                
2000f247  SemaphoreP_destruct              
2000ef69  SemaphoreP_pend                  
200105bd  SemaphoreP_post                  
200113f9  SwiP_disable                     
20010859  SwiP_restore                     
200117ef  SysTickEnable                    
20011801  SysTickIntDisable                
20011813  SysTickIntEnable                 
200115d5  SysTickPeriodSet                 
20011837  TI_memcpy_small                  
200119bd  TI_memset_small                  
20011b77  TckFct                           
2000fb31  TimerCC32XX_allocateTimerResource
20010aa9  TimerCC32XX_freeTimerResource    
200104f7  TimerControlStall                
200112cd  TimerDisable                     
200114eb  TimerEnable                      
20013428  TimerFlag                        
200118d9  TimerIntClear                    
200115eb  TimerIntDisable                  
200116f9  TimerIntEnable                   
20010c05  TimerLoadSet                     
20010c35  TimerPrescaleSet                 
20010ff1  TimerSupport_timerDisable        
20010775  TimerSupport_timerEnable         
200118e9  Timer_Params_init                
20010539  Timer_close                      
20012d70  Timer_config                     
20012aff  Timer_count                      
2000f34b  Timer_init                       
2000db2d  Timer_open                       
200103e9  Timer_start                      
200105fd  Timer_stop                       
2001113d  UART2Support_disableRx           
20011a45  UART2Support_disableTx           
2000e71d  UART2Support_dmaStartRx          
2000ea3d  UART2Support_dmaStartTx          
2000ffbd  UART2Support_dmaStopRx           
2000f9bb  UART2Support_dmaStopTx           
20011a51  UART2Support_enableTx            
20011b49  UART2Support_powerRelConstraint  
200111eb  UART2Support_sendData            
200118f9  UART2Support_txDone              
20011a5d  UART2_Params_init                
2000e635  UART2_close                      
20012d78  UART2_config                     
20012bb6  UART2_count                      
20012b50  UART2_defaultParams              
2000d36d  UART2_open                       
20010add  UART2_rxDisable                  
20011985  UART2_write                      
2001130b  UART2_writeTimeout               
2000d869  UART2_writeTimeoutBlocking       
2000e135  UART2_writeTimeoutNonblocking    
20011909  UARTBusy                         
2001096d  UARTCharPutNonBlocking           
20011601  UARTCharsAvail                   
2000f4ad  UARTConfigSetExpClk              
20011617  UARTDMADisable                   
2001170d  UARTDMAEnable                    
20010d4f  UARTDisable                      
20011329  UARTEnable                       
2001162d  UARTFIFOLevelSet                 
20011505  UARTFlowControlSet               
20011919  UARTIntClear                     
20011643  UARTIntDisable                   
20011721  UARTIntEnable                    
20010eaf  UARTIntStatus                    
20011929  UARTRxErrorGet                   
20010891  UDMACC32XX_close                 
20012d80  UDMACC32XX_config                
20010739  UDMACC32XX_init                  
2000f669  UDMACC32XX_open                  
20011b1d  UtilsDelay                       
20004000  __STACK_END                      
00001000  __STACK_SIZE                     
00008000  __SYSMEM_SIZE                    
00000000  __TI_ATRegion0_region_sz         
00000000  __TI_ATRegion0_src_addr          
00000000  __TI_ATRegion0_trg_addr          
00000000  __TI_ATRegion1_region_sz         
00000000  __TI_ATRegion1_src_addr          
00000000  __TI_ATRegion1_trg_addr          
00000000  __TI_ATRegion2_region_sz         
00000000  __TI_ATRegion2_src_addr          
00000000  __TI_ATRegion2_trg_addr          
20013518  __TI_CINIT_Base                  
20013528  __TI_CINIT_Limit                 
20013528  __TI_CINIT_Warm                  
20013504  __TI_Handler_Table_Base          
20013510  __TI_Handler_Table_Limit         
200108c9  __TI_auto_init_nobinit_nopinit   
2000f521  __TI_decompress_lzss             
200119cb  __TI_decompress_none             
ffffffff  __TI_pprof_out_hndl              
2000c041  __TI_printfi_nofloat             
ffffffff  __TI_prof_data_size              
ffffffff  __TI_prof_data_start             
20013430  __TI_static_base__               
20011959  __TI_zero_init                   
20012650  __aeabi_ctype_table_             
20012650  __aeabi_ctype_table_C            
200101bd  __aeabi_d2iz                     
2000e361  __aeabi_dmul                     
2001341c  __aeabi_errno                    
20011b25  __aeabi_errno_addr               
20010d7d  __aeabi_i2d                      
2000fb2f  __aeabi_ldiv0                    
20011b2d  __aeabi_memclr                   
20011b2d  __aeabi_memclr4                  
20011b2d  __aeabi_memclr8                  
20011b7d  __aeabi_memcpy                   
20011b7d  __aeabi_memcpy4                  
20011b7d  __aeabi_memcpy8                  
20011ae1  __aeabi_memset                   
20011ae1  __aeabi_memset4                  
20011ae1  __aeabi_memset8                  
20011735  __aeabi_uldivmod                 
ffffffff  __binit__                        
200101bd  __fixdfsi                        
20010d7d  __floatsidf                      
UNDEFED   __mpu_init                       
2000e361  __muldf3                         
20003000  __stack                          
20004000  __start___llvm_prf_bits          
20004000  __start___llvm_prf_cnts          
20004000  __stop___llvm_prf_bits           
20004000  __stop___llvm_prf_cnts           
2000eaf5  __udivmoddi4                     
20011161  _c_int00_noargs                  
20013420  _lock                            
2000fbe7  _nop                             
20004040  _sys_memory                      
UNDEFED   _system_post_cinit               
20011b81  _system_pre_init                 
20013424  _unlock                          
20011b85  abort                            
2000e015  aligned_alloc                    
2001063d  atoi                             
ffffffff  binit                            
2000fed7  clkFxn                           
2000e45d  free                             
20011a69  gpioButtonFxn0                   
20011a75  gpioButtonFxn1                   
200123a0  gpioCallbackFunctions            
20013310  gpioPinConfigs                   
20012424  gpioUserArgs                     
20012634  i2c                              
20012ca0  i2cCC32XXHWAttrs                 
200122a4  i2cCC32XXObjects                 
200125dc  i2cTransaction                   
2000d6f1  initI2C                          
2000f6d5  initTimer                        
20010e05  initUART                         
20010b11  initVectors                      
20011939  main                             
2000d539  mainThread                       
20011b35  malloc                           
2000e015  memalign                         
20011347  memccpy                          
2001252c  output                           
20013218  parkInfo                         
2000ee35  readTemp                         
2001144d  resetISR                         
20012640  rxBuffer                         
20010471  snprintf                         
2001256c  tasks                            
20012638  timer0                           
20012d0c  timerCC32XXHWAttrs               
200124a8  timerCC32XXObjects               
20011a8d  timerCallback                    
20012642  txBuffer                         
2000fe89  uDMAChannelAssign                
2000f097  uDMAChannelAttributeDisable      
2001067d  uDMAChannelControlSet            
20011365  uDMAChannelDisable               
20011383  uDMAChannelEnable                
200113a1  uDMAChannelIsEnabled             
20010051  uDMAChannelSizeGet               
2000e24f  uDMAChannelTransferSet           
20011749  uDMAControlBaseSet               
200119a1  uDMAEnable                       
200119af  uDMAErrorStatusClear             
20011a99  uDMAErrorStatusGet               
2001175d  uDMAIntClear                     
2001263c  uart                             
20012000  uart2CC32XXObjects0              
20012d44  udmaCC3220SHWAttrs               
20012620  udmaCC3220SObject                
20011949  wcslen                           


GLOBAL SYMBOLS: SORTED BY Symbol Address 

address   name                             
-------   ----                             
00000000  __TI_ATRegion0_region_sz         
00000000  __TI_ATRegion0_src_addr          
00000000  __TI_ATRegion0_trg_addr          
00000000  __TI_ATRegion1_region_sz         
00000000  __TI_ATRegion1_src_addr          
00000000  __TI_ATRegion1_trg_addr          
00000000  __TI_ATRegion2_region_sz         
00000000  __TI_ATRegion2_src_addr          
00000000  __TI_ATRegion2_trg_addr          
00001000  __STACK_SIZE                     
00008000  __SYSMEM_SIZE                    
20003000  __stack                          
20004000  __STACK_END                      
20004000  __start___llvm_prf_bits          
20004000  __start___llvm_prf_cnts          
20004000  __stop___llvm_prf_bits           
20004000  __stop___llvm_prf_cnts           
20004040  _sys_memory                      
2000c041  __TI_printfi_nofloat             
2000c8ad  PRCMCC3200MCUInit                
2000cd65  Power_sleep                      
2000d36b  Board_initHook                   
2000d36d  UART2_open                       
2000d539  mainThread                       
2000d6f1  initI2C                          
2000d869  UART2_writeTimeoutBlocking       
2000d9dd  PowerCC32XX_sleepPolicy          
2000db2d  Timer_open                       
2000dc75  GPIO_setConfig                   
2000deed  I2C_transferTimeout              
2000e013  I2C_init                         
2000e015  aligned_alloc                    
2000e015  memalign                         
2000e135  UART2_writeTimeoutNonblocking    
2000e24f  uDMAChannelTransferSet           
2000e361  __aeabi_dmul                     
2000e361  __muldf3                         
2000e45d  free                             
2000e54d  I2C_open                         
2000e635  UART2_close                      
2000e71d  UART2Support_dmaStartRx          
2000e7e9  IntDisable                       
2000e8b1  IntEnable                        
2000ea3d  UART2Support_dmaStartTx          
2000eaf5  __udivmoddi4                     
2000eba5  GPIOIntTypeSet                   
2000ec51  IntPendSet                       
2000ecf5  PinConfigSet                     
2000ee33  PowerCC32XX_initPolicy           
2000ee35  readTemp                         
2000eed1  I2CMasterInitExpClk              
2000ef69  SemaphoreP_pend                  
2000f001  PowerCC32XX_enterLPDS            
2000f045  PowerCC32XX_resumeLPDS           
2000f097  uDMAChannelAttributeDisable      
2000f129  GPIO_init                        
2000f1b9  PRCMSysResetCauseGet             
2000f247  SemaphoreP_destruct              
2000f249  PowerCC32XX_configureWakeup      
2000f34b  Timer_init                       
2000f34d  Power_init                       
2000f3c5  HwiP_construct                   
2000f439  PRCMHibernateWakeUpGPIOSelect    
2000f4ad  UARTConfigSetExpClk              
2000f521  __TI_decompress_lzss             
2000f591  PinLockLevelSet                  
2000f5fd  Power_setDependency              
2000f669  UDMACC32XX_open                  
2000f6d5  initTimer                        
2000f819  PRCMPeripheralReset              
2000f8ed  IntPendClear                     
2000f9bb  UART2Support_dmaStopTx           
2000fa1b  FlashDisable                     
2000fa77  I2CSupport_primeTransfer         
2000fad3  PRCMHibernateWakeupSourceDisable 
2000fb2f  __aeabi_ldiv0                    
2000fb31  TimerCC32XX_allocateTimerResource
2000fb8d  PRCMPeripheralClkEnable          
2000fbe7  _nop                             
2000fbe9  ClockP_startup                   
2000fc41  IntPrioritySet                   
2000fc99  PRCMLPDSEnter                    
2000fcf1  PowerCC32XX_setParkState         
2000fd45  Power_releaseDependency          
2000fd99  GPIO_hwiIntFxn                   
2000fde9  PRCMHibernateWakeupSourceEnable  
2000fe39  SemaphoreP_construct             
2000fe89  uDMAChannelAssign                
2000fed7  clkFxn                           
2000fed9  GPIO_setInterruptConfig          
2000ff25  PRCMLPDSRestoreInfoSet           
2000ffbd  UART2Support_dmaStopRx           
20010051  uDMAChannelSizeGet               
2001009d  ClockP_sysTickHandler            
200100e5  PRCMIntEnable                    
2001012d  PRCMPeripheralStatusGet          
20010175  PinConfigGet                     
200101bd  __aeabi_d2iz                     
200101bd  __fixdfsi                        
2001024b  PRCMLPDSEnterKeepDebugIf         
20010291  RingBuf_put                      
200102d7  GPIODirModeSet                   
2001031d  GPIO_disableInt                  
20010361  GPIO_enableInt                   
200103a5  Power_releaseConstraint          
200103e9  Timer_start                      
20010471  snprintf                         
200104b5  PinModeSet                       
200104f7  TimerControlStall                
20010539  Timer_close                      
200105bd  SemaphoreP_post                  
200105fd  Timer_stop                       
2001063d  atoi                             
2001067d  uDMAChannelControlSet            
200106bd  PinDirModeSet                    
200106fd  ClockP_stop                      
20010739  UDMACC32XX_init                  
20010775  TimerSupport_timerEnable         
200107b1  ClockP_destruct                  
200107e9  Power_setConstraint              
20010821  RingBuf_putAdvance               
20010859  SwiP_restore                     
20010891  UDMACC32XX_close                 
200108c9  __TI_auto_init_nobinit_nopinit   
20010901  PinLock                          
2001096d  UARTCharPutNonBlocking           
200109a5  ClockP_start                     
200109d9  I2CFIFODataPutNonBlocking        
20010a0d  PinDirModeGet                    
20010a41  PinModeGet                       
20010a75  PowerCC32XX_parkPin              
20010aa9  TimerCC32XX_freeTimerResource    
20010add  UART2_rxDisable                  
20010b11  initVectors                      
20010b45  ClockP_getTicksUntilInterrupt    
20010b75  I2CFIFODataGetNonBlocking        
20010ba5  PRCMLPDSIntervalSet              
20010bd5  PRCMSlowClkCtrFastGet            
20010c05  TimerLoadSet                     
20010c35  TimerPrescaleSet                 
20010cc5  GPIOIntStatus                    
20010cf3  RingBuf_getConsume               
20010d21  RingBuf_putPointer               
20010d4f  UARTDisable                      
20010d7d  __aeabi_i2d                      
20010d7d  __floatsidf                      
20010dab  I2CMasterIntStatusEx             
20010e05  initUART                         
20010e31  HwiP_create                      
20010e5b  PRCMLPDSWakeUpGPIOSelect         
20010e85  PRCMPeripheralClkDisable         
20010eaf  UARTIntStatus                    
20010ed9  I2CMasterBusBusy                 
20010f01  I2CMasterSlaveAddrSet            
20010f29  I2CTxFIFOConfigSet               
20010f51  I2C_cancel                       
20010f79  List_remove                      
20010fa1  PRCMSRAMRetentionEnable          
20010fc9  PowerCC32XX_getParkState         
20010ff1  TimerSupport_timerDisable        
20011041  I2CRxFIFOConfigSet               
20011065  IntUnregister                    
20011089  List_put                         
200110ad  PRCMLPDSWakeupSourceEnable       
200110d1  PowerCC32XX_restoreParkState     
200110f5  PowerCC32XX_restoreParkedPin     
20011119  Power_registerNotify             
2001113d  UART2Support_disableRx           
20011161  _c_int00_noargs                  
20011185  GPIOPinWrite                     
200111a7  PinUnlock                        
200111c9  RingBuf_getPointer               
200111eb  UART2Support_sendData            
2001120d  IntRegister                      
2001122d  PinTypeI2C                       
2001124d  PowerCC32XX_reset                
2001126d  Power_unregisterNotify           
2001128d  SemaphoreP_constructBinary       
200112ad  SemaphoreP_createBinary          
200112cd  TimerDisable                     
200112ed  PinTypeUART                      
2001130b  UART2_writeTimeout               
20011329  UARTEnable                       
20011347  memccpy                          
20011365  uDMAChannelDisable               
20011383  uDMAChannelEnable                
200113a1  uDMAChannelIsEnabled             
200113c1  GPIO_setCallback                 
200113dd  HwiP_dispatch                    
200113f9  SwiP_disable                     
2001144d  resetISR                         
20011469  GPIOIntDisable                   
20011483  PRCMHIBRegRead                   
2001149d  PRCMHIBRegWrite                  
200114b7  PRCMLPDSWakeupSourceDisable      
200114d1  PinToPadGet                      
200114eb  TimerEnable                      
20011505  UARTFlowControlSet               
2001151f  GPIOIntEnable                    
20011537  SemaphoreP_create                
20011567  Board_init                       
2001157d  I2CMasterBurstLengthSet          
20011593  I2CMasterIntDisableEx            
200115a9  I2CRxFIFOFlush                   
200115bf  I2CTxFIFOFlush                   
200115d5  SysTickPeriodSet                 
200115eb  TimerIntDisable                  
20011601  UARTCharsAvail                   
20011617  UARTDMADisable                   
2001162d  UARTFIFOLevelSet                 
20011643  UARTIntDisable                   
20011659  CPUcpsid                         
2001166d  CPUcpsie                         
20011681  HwiP_destruct                    
20011695  I2CMasterIntEnableEx             
200116a9  IntVTableBaseSet                 
200116bd  Power_disablePolicy              
200116d1  Power_getTransitionLatency       
200116e5  Power_idleFunc                   
200116f9  TimerIntEnable                   
2001170d  UARTDMAEnable                    
20011721  UARTIntEnable                    
20011735  __aeabi_uldivmod                 
20011749  uDMAControlBaseSet               
2001175d  uDMAIntClear                     
20011771  ClockP_add                       
20011783  GPIOIntClear                     
20011795  HwiP_Params_init                 
200117a7  HwiP_delete                      
200117b9  I2CMasterDisable                 
200117cb  I2CMasterEnable                  
200117dd  I2C_transfer                     
200117ef  SysTickEnable                    
20011801  SysTickIntDisable                
20011813  SysTickIntEnable                 
20011837  TI_memcpy_small                  
20011849  ClockP_getCpuFreq                
20011859  ClockP_getSystemTicks            
20011869  ClockP_setTicks                  
20011879  HwiP_inISR                       
20011889  I2CMasterControl                 
20011899  I2CMasterIntClearEx              
200118a9  I2CMasterTimeoutSet              
200118b9  Power_enablePolicy               
200118c9  RingBuf_construct                
200118d9  TimerIntClear                    
200118e9  Timer_Params_init                
200118f9  UART2Support_txDone              
20011909  UARTBusy                         
20011919  UARTIntClear                     
20011929  UARTRxErrorGet                   
20011939  main                             
20011949  wcslen                           
20011959  __TI_zero_init                   
20011969  HwiP_interruptsEnabled           
20011977  I2CFIFOStatus                    
20011985  UART2_write                      
200119a1  uDMAEnable                       
200119af  uDMAErrorStatusClear             
200119bd  TI_memset_small                  
200119cb  __TI_decompress_none             
200119d9  CPUwfi                           
200119f1  I2C_Params_init                  
20011a21  PRCMLPDSWakeupCauseGet           
20011a2d  Power_getConstraintMask          
20011a45  UART2Support_disableTx           
20011a51  UART2Support_enableTx            
20011a5d  UART2_Params_init                
20011a69  gpioButtonFxn0                   
20011a75  gpioButtonFxn1                   
20011a8d  timerCallback                    
20011a99  uDMAErrorStatusGet               
20011aa5  CPUprimask                       
20011aaf  ClockP_isActive                  
20011ab9  IntMasterDisable                 
20011ac3  IntMasterEnable                  
20011ae1  __aeabi_memset                   
20011ae1  __aeabi_memset4                  
20011ae1  __aeabi_memset8                  
20011af5  HwiP_disable                     
20011afd  HwiP_restore                     
20011b0d  I2CSupport_controllerFinish      
20011b15  PRCMSleepEnter                   
20011b1d  UtilsDelay                       
20011b25  __aeabi_errno_addr               
20011b2d  __aeabi_memclr                   
20011b2d  __aeabi_memclr4                  
20011b2d  __aeabi_memclr8                  
20011b35  malloc                           
20011b3d  I2CSupport_powerRelConstraint    
20011b43  I2CSupport_powerSetConstraint    
20011b49  UART2Support_powerRelConstraint  
20011b4f  ClockP_doTick                    
20011b53  HwiP_clearInterrupt              
20011b57  HwiP_disableInterrupt            
20011b5b  HwiP_enable                      
20011b5f  HwiP_enableInterrupt             
20011b63  HwiP_post                        
20011b6b  NoRTOS_start                     
20011b6f  RingBuf_getCount                 
20011b73  SemaphoreP_delete                
20011b77  TckFct                           
20011b7d  __aeabi_memcpy                   
20011b7d  __aeabi_memcpy4                  
20011b7d  __aeabi_memcpy8                  
20011b81  _system_pre_init                 
20011b84  C$$EXIT                          
20011b85  abort                            
20012000  uart2CC32XXObjects0              
20012178  PowerCC32XX_contextSave          
200122a4  i2cCC32XXObjects                 
200123a0  gpioCallbackFunctions            
20012424  gpioUserArgs                     
200124a8  timerCC32XXObjects               
2001252c  output                           
2001256c  tasks                            
200125dc  i2cTransaction                   
20012610  ClockP_ctrl                      
20012620  udmaCC3220SObject                
20012634  i2c                              
20012638  timer0                           
2001263c  uart                             
20012640  rxBuffer                         
20012642  txBuffer                         
20012650  __aeabi_ctype_table_             
20012650  __aeabi_ctype_table_C            
20012753  GPIO_pinUpperBound               
20012a18  PowerCC32XX_config               
20012afe  I2C_count                        
20012aff  Timer_count                      
20012b50  UART2_defaultParams              
20012bb6  UART2_count                      
20012ca0  i2cCC32XXHWAttrs                 
20012cec  GPIO_config                      
20012d0c  timerCC32XXHWAttrs               
20012d44  udmaCC3220SHWAttrs               
20012d68  I2C_config                       
20012d70  Timer_config                     
20012d78  UART2_config                     
20012d80  UDMACC32XX_config                
200130ac  PowerCC32XX_module               
20013218  parkInfo                         
20013310  gpioPinConfigs                   
20013400  SemaphoreP_defaultParams         
20013414  ClockP_tickPeriod                
20013418  HwiP_swiPIntNum                  
2001341c  __aeabi_errno                    
20013420  _lock                            
20013424  _unlock                          
20013428  TimerFlag                        
20013429  Button0Flag                      
2001342a  Button1Flag                      
20013430  __TI_static_base__               
20013504  __TI_Handler_Table_Base          
20013510  __TI_Handler_Table_Limit         
20013518  __TI_CINIT_Base                  
20013528  __TI_CINIT_Limit                 
20013528  __TI_CINIT_Warm                  
ffffffff  __TI_pprof_out_hndl              
ffffffff  __TI_prof_data_size              
ffffffff  __TI_prof_data_start             
ffffffff  __binit__                        
ffffffff  binit                            
UNDEFED   ITM_flush                        
UNDEFED   ITM_restore                      
UNDEFED   __mpu_init                       
UNDEFED   _system_post_cinit               

[367 symbols]
